// Jest Snapshot v1, https://goo.gl/fbAQLP

exports[`insightSanitize should remove duplicate drillable bucket attribute items 1`] = `
Object {
  "items": Array [
    Object {
      "attribute": Object {
        "displayForm": Object {
          "identifier": "label.owner.department",
          "type": "displayForm",
        },
        "localIdentifier": "a_label.owner.department",
      },
    },
    Object {
      "attribute": Object {
        "displayForm": Object {
          "identifier": "label.account.id",
          "type": "displayForm",
        },
        "localIdentifier": "a_label.account.id",
      },
    },
  ],
  "localIdentifier": "attribute",
}
`;
